tlc-workers1-cleanup-config/home/gavin/dev/model-or-proof/specs/tla/ewd998/EWD998Mutant.cfg/home/gavin/dev/model-or-proof/specs/tla/ewd998/EWD998Mutant.tla

TLC2 Version 2.19 of 08 August 2024 (rev: 5a47802)
Running breadth-first search Model-Checking with fp 22 and seed -5956687579035054687 with 1 worker on 20 cores with 14247MB heap and 64MB offheap memory (Linux 6.8.0-85-generic amd64, Oracle Corporation 1.8.0_504 x86_64, MSBDiskFPSet, DiskStateQueue).
Parsing file /home/gavin/dev/model-or-proof/specs/tla/ewd998/EWD998Mutant.tla
Parsing file /tmp/Integers.tla
Parsing file /tmp/FiniteSets.tla
Parsing file /home/gavin/dev/model-or-proof/specs/tla/ewd998/Functions.tla
Parsing file /home/gavin/dev/model-or-proof/specs/tla/ewd998/SequencesExt.tla
Parsing file /tmp/Randomization.tla
Parsing file /tmp/Naturals.tla
Parsing file /home/gavin/dev/model-or-proof/specs/tla/ewd998/Folds.tla
Parsing file /tmp/Sequences.tla
Parsing file /home/gavin/dev/model-or-proof/specs/tla/ewd998/FiniteSetsExt.tla
Parsing file /tmp/Bags.tla
Parsing file /tmp/TLC.tla
Parsing file /home/gavin/dev/model-or-proof/specs/tla/ewd998/AsyncTerminationDetection.tla
Semantic processing of module Naturals
Semantic processing of module Integers
Semantic processing of module Sequences
Semantic processing of module FiniteSets
Semantic processing of module Folds
Semantic processing of module Functions
Semantic processing of module FiniteSetsExt
Semantic processing of module TLC
Semantic processing of module Bags
Semantic processing of module SequencesExt
Semantic processing of module Randomization
Semantic processing of module AsyncTerminationDetection
Semantic processing of module EWD998Mutant
Starting... (2026-09-26 23:30:22)
Computing initial states...
Computed 2 initial states...
Computed 4 initial states...
Computed 8 initial states...
Computed 16 initial states...
Computed 32 initial states...
Computed 64 initial states...
Computed 128 initial states...
Finished computing initial states: 192 distinct states generated at 2026-09-26 23:30:22.
Error: Successor state is not completely specified by action RecvMsg of the next-state relation. The following variable is not assigned: counter.

Error: The behavior up to this point is:
State 1: <Initial predicate>
/\ active = (0 :> FALSE @@ 1 :> FALSE @@ 2 :> TRUE)
/\ color = (0 :> "white" @@ 1 :> "white" @@ 2 :> "white")
/\ counter = (0 :> 0 @@ 1 :> 0 @@ 2 :> 0)
/\ pending = (0 :> 0 @@ 1 :> 0 @@ 2 :> 0)
/\ token = [pos |-> 0, q |-> 0, color |-> "black"]

State 2: <SendMsg line 81, col 3 to line 88, col 39 of module EWD998Mutant>
/\ active = (0 :> FALSE @@ 1 :> FALSE @@ 2 :> TRUE)
/\ color = (0 :> "white" @@ 1 :> "white" @@ 2 :> "white")
/\ counter = (0 :> 0 @@ 1 :> 0 @@ 2 :> 1)
/\ pending = (0 :> 1 @@ 1 :> 0 @@ 2 :> 0)
/\ token = [pos |-> 0, q |-> 0, color |-> "black"]

State 3: <RecvMsg line 91, col 3 to line 103, col 24 of module EWD998Mutant>
/\ active = (0 :> TRUE @@ 1 :> FALSE @@ 2 :> TRUE)
/\ color = (0 :> "black" @@ 1 :> "white" @@ 2 :> "white")
/\ counter = null
/\ pending = (0 :> 0 @@ 1 :> 0 @@ 2 :> 0)
/\ token = [pos |-> 0, q |-> 0, color |-> "black"]

1225 states generated, 804 distinct states found, 606 states left on queue.
The depth of the complete state graph search is 3.
The average outdegree of the complete state graph is 3 (minimum is 0, the maximum 7 and the 95th percentile is 6).
Finished in 00s at (2026-09-26 23:30:22)
