tlc-workers1-cleanup-config/home/gavin/dev/model-or-proof/specs/tla/ewd998-paper/EWD998Small.cfg/home/gavin/dev/model-or-proof/specs/tla/ewd998-paper/EWD998.tla

TLC2 Version 2.19 of 08 August 2024 (rev: 5a47802)
Running breadth-first search Model-Checking with fp 48 and seed 3361014640261437623 with 1 worker on 20 cores with 14247MB heap and 64MB offheap memory (Linux 6.8.0-85-generic amd64, Oracle Corporation 1.8.0_504 x86_64, MSBDiskFPSet, DiskStateQueue).
Parsing file /home/gavin/dev/model-or-proof/specs/tla/ewd998-paper/EWD998.tla
Parsing file /tmp/Integers.tla
Parsing file /tmp/FiniteSets.tla
Parsing file /home/gavin/dev/model-or-proof/specs/tla/ewd998-paper/Functions.tla
Parsing file /home/gavin/dev/model-or-proof/specs/tla/ewd998-paper/SequencesExt.tla
Parsing file /tmp/Randomization.tla
Parsing file /tmp/Naturals.tla
Parsing file /home/gavin/dev/model-or-proof/specs/tla/ewd998-paper/Folds.tla
Parsing file /tmp/Sequences.tla
Parsing file /home/gavin/dev/model-or-proof/specs/tla/ewd998-paper/FiniteSetsExt.tla
Parsing file /tmp/Bags.tla
Parsing file /tmp/TLC.tla
Parsing file /home/gavin/dev/model-or-proof/specs/tla/ewd998-paper/AsyncTerminationDetection.tla
Semantic processing of module Naturals
Semantic processing of module Integers
Semantic processing of module Sequences
Semantic processing of module FiniteSets
Semantic processing of module Folds
Semantic processing of module Functions
Semantic processing of module FiniteSetsExt
Semantic processing of module TLC
Semantic processing of module Bags
Semantic processing of module SequencesExt
Semantic processing of module Randomization
Semantic processing of module AsyncTerminationDetection
Semantic processing of module EWD998
Starting... (2026-09-25 16:16:24)
Computing initial states...
Computed 2 initial states...
Computed 4 initial states...
Computed 8 initial states...
Computed 16 initial states...
Computed 32 initial states...
Finished computing initial states: 64 distinct states generated at 2026-09-25 16:16:25.
Progress(11) at 2026-09-25 16:16:28: 878,053 states generated (878,053 s/min), 150,826 distinct states found (150,826 ds/min), 42,293 states left on queue.
Model checking completed. No error has been found.
  Estimates of the probability that TLC did not check all reachable states
  because two distinct states had the same fingerprint:
  calculated (optimistic):  val = 6.6E-7
  based on the actual fingerprints:  val = 9.3E-11
10150343 states generated, 1384582 distinct states found, 0 states left on queue.
The depth of the complete state graph search is 60.
The average outdegree of the complete state graph is 1 (minimum is 0, the maximum 9 and the 95th percentile is 3).
Finished in 31s at (2026-09-25 16:16:56)
