tlc-workers1-cleanup-config/home/gavin/dev/model-or-proof/specs/tla/lcr/LCRN8.cfg/home/gavin/dev/model-or-proof/specs/tla/lcr/LCR.tla

TLC2 Version 2.19 of 08 August 2024 (rev: 5a47802)
Running breadth-first search Model-Checking with fp 1 and seed -7666682680784899092 with 1 worker on 20 cores with 14247MB heap and 64MB offheap memory (Linux 6.8.0-85-generic amd64, Oracle Corporation 1.8.0_504 x86_64, MSBDiskFPSet, DiskStateQueue).
Parsing file /home/gavin/dev/model-or-proof/specs/tla/lcr/LCR.tla
Parsing file /tmp/Naturals.tla
Parsing file /tmp/FiniteSets.tla
Parsing file /tmp/Sequences.tla
Semantic processing of module Naturals
Semantic processing of module Sequences
Semantic processing of module FiniteSets
Semantic processing of module LCR
Starting... (2026-09-26 23:00:00)
Computing initial states...
Finished computing initial states: 1 distinct state generated at 2026-09-26 23:00:00.
Model checking completed. No error has been found.
  Estimates of the probability that TLC did not check all reachable states
  because two distinct states had the same fingerprint:
  calculated (optimistic):  val = 6.0E-11
82378 states generated, 16767 distinct states found, 0 states left on queue.
The depth of the complete state graph search is 24.
The average outdegree of the complete state graph is 1 (minimum is 0, the maximum 8 and the 95th percentile is 3).
Finished in 00s at (2026-09-26 23:00:01)
