tlc-workers1-cleanup-config/home/gavin/dev/model-or-proof/specs/tla/lcr/LCRMutant.cfg/home/gavin/dev/model-or-proof/specs/tla/lcr/LCRMutant.tla

TLC2 Version 2.19 of 08 August 2024 (rev: 5a47802)
Running breadth-first search Model-Checking with fp 43 and seed 6469409508521588300 with 1 worker on 20 cores with 14247MB heap and 64MB offheap memory (Linux 6.8.0-85-generic amd64, Oracle Corporation 1.8.0_504 x86_64, MSBDiskFPSet, DiskStateQueue).
Parsing file /home/gavin/dev/model-or-proof/specs/tla/lcr/LCRMutant.tla
Parsing file /tmp/Naturals.tla
Parsing file /tmp/FiniteSets.tla
Parsing file /tmp/Sequences.tla
Semantic processing of module Naturals
Semantic processing of module Sequences
Semantic processing of module FiniteSets
Semantic processing of module LCRMutant
Starting... (2026-09-26 23:00:55)
Computing initial states...
Finished computing initial states: 1 distinct state generated at 2026-09-26 23:00:56.
Error: Invariant UniqueLeader is violated.
Error: The behavior up to this point is:
State 1: <Initial predicate>
/\ sent = <<FALSE, FALSE, FALSE>>
/\ msg = <<0, 0, 0>>
/\ leader = <<FALSE, FALSE, FALSE>>
/\ ident = <<1, 2, 3>>

State 2: <ElectSelf line 53, col 5 to line 55, col 37 of module LCRMutant>
/\ sent = <<FALSE, FALSE, FALSE>>
/\ msg = <<0, 0, 0>>
/\ leader = <<TRUE, FALSE, FALSE>>
/\ ident = <<1, 2, 3>>

State 3: <ElectSelf line 53, col 5 to line 55, col 37 of module LCRMutant>
/\ sent = <<FALSE, FALSE, FALSE>>
/\ msg = <<0, 0, 0>>
/\ leader = <<TRUE, TRUE, FALSE>>
/\ ident = <<1, 2, 3>>

29 states generated, 23 distinct states found, 17 states left on queue.
The depth of the complete state graph search is 3.
The average outdegree of the complete state graph is 5 (minimum is 4, the maximum 6 and the 95th percentile is 6).
Finished in 00s at (2026-09-26 23:00:56)
