tlc-workers1-metadir/home/gavin/dev/model-or-proof/specs/tla/paxos/.tlc-states/run-3_7a6qwb-config/home/gavin/dev/model-or-proof/specs/tla/paxos/PaxosN2.cfg/home/gavin/dev/model-or-proof/specs/tla/paxos/PaxosFinite.tla

TLC2 Version 2.19 of 08 August 2024 (rev: 5a47802)
Running breadth-first search Model-Checking with fp 8 and seed -165648106063103797 with 1 worker on 20 cores with 14247MB heap and 64MB offheap memory (Linux 6.8.0-85-generic amd64, Oracle Corporation 1.8.0_504 x86_64, MSBDiskFPSet, DiskStateQueue).
Parsing file /home/gavin/dev/model-or-proof/specs/tla/paxos/PaxosFinite.tla
Parsing file /tmp/Integers.tla
Parsing file /tmp/FiniteSets.tla
Parsing file /tmp/TLC.tla
Parsing file /tmp/Naturals.tla
Parsing file /tmp/Sequences.tla
Semantic processing of module Naturals
Semantic processing of module Integers
Semantic processing of module Sequences
Semantic processing of module FiniteSets
Semantic processing of module TLC
Semantic processing of module PaxosFinite
Starting... (2026-09-27 23:08:18)
Computing initial states...
Finished computing initial states: 1 distinct state generated at 2026-09-27 23:08:18.
Model checking completed. No error has been found.
  Estimates of the probability that TLC did not check all reachable states
  because two distinct states had the same fingerprint:
  calculated (optimistic):  val = 1.6E-15
347 states generated, 145 distinct states found, 0 states left on queue.
The depth of the complete state graph search is 13.
The average outdegree of the complete state graph is 1 (minimum is 0, the maximum 4 and the 95th percentile is 3).
Finished in 00s at (2026-09-27 23:08:18)
