tlc-workers1-fp28-seed1-metadir/home/gavin/dev/model-or-proof/specs/tla/paxos/.tlc-states/run-df__ck_2-config/home/gavin/dev/model-or-proof/specs/tla/paxos/PaxosN4.cfg/home/gavin/dev/model-or-proof/specs/tla/paxos/PaxosFinite.tla

Picked up JAVA_TOOL_OPTIONS: -Xmx14336m
TLC2 Version 2.19 of 08 August 2024 (rev: 5a47802)
Running breadth-first search Model-Checking with fp 28 and seed 1 with 1 worker on 20 cores with 12743MB heap and 64MB offheap memory (Linux 6.8.0-85-generic amd64, Oracle Corporation 1.8.0_504 x86_64, MSBDiskFPSet, DiskStateQueue).
Parsing file /home/gavin/dev/model-or-proof/specs/tla/paxos/PaxosFinite.tla
Parsing file /tmp/Integers.tla
Parsing file /tmp/FiniteSets.tla
Parsing file /tmp/TLC.tla
Parsing file /tmp/Naturals.tla
Parsing file /tmp/Sequences.tla
Semantic processing of module Naturals
Semantic processing of module Integers
Semantic processing of module Sequences
Semantic processing of module FiniteSets
Semantic processing of module TLC
Semantic processing of module PaxosFinite
Starting... (2026-09-28 10:06:44)
Computing initial states...
Finished computing initial states: 1 distinct state generated at 2026-09-28 10:06:44.
Model checking completed. No error has been found.
  Estimates of the probability that TLC did not check all reachable states
  because two distinct states had the same fingerprint:
  calculated (optimistic):  val = 9.5E-11
105723 states generated, 20609 distinct states found, 0 states left on queue.
The depth of the complete state graph search is 21.
The average outdegree of the complete state graph is 1 (minimum is 0, the maximum 8 and the 95th percentile is 4).
Finished in 02s at (2026-09-28 10:06:46)
