tlc-workers1-cleanup-config/home/gavin/dev/model-or-proof/specs/tla/token-ring/TokenRingN23.cfg/home/gavin/dev/model-or-proof/specs/tla/token-ring/TokenRing.tla

TLC2 Version 2.19 of 08 August 2024 (rev: 5a47802)
Running breadth-first search Model-Checking with fp 2 and seed -2083312062537435071 with 1 worker on 20 cores with 14247MB heap and 64MB offheap memory (Linux 6.8.0-85-generic amd64, Oracle Corporation 1.8.0_504 x86_64, MSBDiskFPSet, DiskStateQueue).
Parsing file /home/gavin/dev/model-or-proof/specs/tla/token-ring/TokenRing.tla
Parsing file /tmp/Naturals.tla
Parsing file /tmp/FiniteSets.tla
Parsing file /tmp/TLC.tla
Parsing file /tmp/Sequences.tla
Semantic processing of module Naturals
Semantic processing of module Sequences
Semantic processing of module FiniteSets
Semantic processing of module TLC
Semantic processing of module TokenRing
Starting... (2026-09-25 16:56:10)
Computing initial states...
Finished computing initial states: 1 distinct state generated at 2026-09-25 16:56:10.
Progress(8) at 2026-09-25 16:56:13: 2,096,224 states generated (2,096,224 s/min), 357,478 distinct states found (357,478 ds/min), 241,265 states left on queue.
Progress(12) at 2026-09-25 16:57:13: 48,818,309 states generated (46,722,085 s/min), 5,568,855 distinct states found (5,211,377 ds/min), 2,397,636 states left on queue.
Progress(14) at 2026-09-25 16:58:13: 96,929,748 states generated (48,111,439 s/min), 10,095,081 distinct states found (4,526,226 ds/min), 3,391,000 states left on queue.
Progress(15) at 2026-09-25 16:59:13: 144,343,163 states generated (47,413,415 s/min), 14,431,118 distinct states found (4,336,037 ds/min), 4,140,550 states left on queue.
Progress(16) at 2026-09-25 17:00:13: 191,314,967 states generated (46,971,804 s/min), 18,370,666 distinct states found (3,939,548 ds/min), 4,291,281 states left on queue.
Progress(17) at 2026-09-25 17:01:13: 238,472,434 states generated (47,157,467 s/min), 22,363,016 distinct states found (3,992,350 ds/min), 4,455,362 states left on queue.
Progress(18) at 2026-09-25 17:02:13: 282,460,423 states generated (43,987,989 s/min), 26,035,317 distinct states found (3,672,301 ds/min), 4,496,529 states left on queue.
Progress(19) at 2026-09-25 17:03:13: 327,483,605 states generated (45,023,182 s/min), 29,673,036 distinct states found (3,637,719 ds/min), 4,330,957 states left on queue.
Progress(19) at 2026-09-25 17:04:13: 372,731,668 states generated (45,248,063 s/min), 33,418,320 distinct states found (3,745,284 ds/min), 4,396,674 states left on queue.
Progress(20) at 2026-09-25 17:05:13: 418,347,551 states generated (45,615,883 s/min), 37,341,790 distinct states found (3,923,470 ds/min), 4,541,767 states left on queue.
Progress(21) at 2026-09-25 17:06:13: 462,794,199 states generated (44,446,648 s/min), 41,019,579 distinct states found (3,677,789 ds/min), 4,376,432 states left on queue.
Progress(22) at 2026-09-25 17:07:13: 505,507,839 states generated (42,713,640 s/min), 44,605,186 distinct states found (3,585,607 ds/min), 4,380,720 states left on queue.
Progress(23) at 2026-09-25 17:08:13: 548,266,114 states generated (42,758,275 s/min), 48,115,934 distinct states found (3,510,748 ds/min), 4,343,245 states left on queue.
Progress(24) at 2026-09-25 17:09:13: 590,002,000 states generated (41,735,886 s/min), 51,596,687 distinct states found (3,480,753 ds/min), 4,300,756 states left on queue.
Progress(25) at 2026-09-25 17:10:13: 632,323,746 states generated (42,321,746 s/min), 55,070,115 distinct states found (3,473,428 ds/min), 4,276,990 states left on queue.
Progress(25) at 2026-09-25 17:11:13: 669,824,197 states generated (37,500,451 s/min), 58,175,275 distinct states found (3,105,160 ds/min), 4,228,814 states left on queue.
Progress(26) at 2026-09-25 17:12:13: 706,641,353 states generated (36,817,156 s/min), 61,293,192 distinct states found (3,117,917 ds/min), 4,250,437 states left on queue.
Progress(27) at 2026-09-25 17:13:13: 745,061,248 states generated (38,419,895 s/min), 64,477,894 distinct states found (3,184,702 ds/min), 4,214,559 states left on queue.
Progress(28) at 2026-09-25 17:14:13: 785,104,234 states generated (40,042,986 s/min), 67,806,129 distinct states found (3,328,235 ds/min), 4,248,604 states left on queue.
Progress(28) at 2026-09-25 17:15:13: 824,770,103 states generated (39,665,869 s/min), 71,053,723 distinct states found (3,247,594 ds/min), 4,205,377 states left on queue.
Progress(29) at 2026-09-25 17:16:13: 865,593,360 states generated (40,823,257 s/min), 74,510,959 distinct states found (3,457,236 ds/min), 4,219,230 states left on queue.
Progress(30) at 2026-09-25 17:17:13: 904,213,631 states generated (38,620,271 s/min), 77,749,950 distinct states found (3,238,991 ds/min), 4,235,253 states left on queue.
Progress(31) at 2026-09-25 17:18:13: 944,038,246 states generated (39,824,615 s/min), 81,071,040 distinct states found (3,321,090 ds/min), 4,220,548 states left on queue.
Progress(32) at 2026-09-25 17:19:13: 983,630,060 states generated (39,591,814 s/min), 84,314,431 distinct states found (3,243,391 ds/min), 4,214,613 states left on queue.
Progress(32) at 2026-09-25 17:20:13: 1,022,276,955 states generated (38,646,895 s/min), 87,541,445 distinct states found (3,227,014 ds/min), 4,210,521 states left on queue.
Progress(33) at 2026-09-25 17:21:13: 1,060,472,898 states generated (38,195,943 s/min), 90,765,276 distinct states found (3,223,831 ds/min), 4,205,320 states left on queue.
Progress(34) at 2026-09-25 17:22:13: 1,099,140,515 states generated (38,667,617 s/min), 93,984,791 distinct states found (3,219,515 ds/min), 4,198,174 states left on queue.
Progress(35) at 2026-09-25 17:23:13: 1,134,991,346 states generated (35,850,831 s/min), 96,923,254 distinct states found (2,938,463 ds/min), 4,201,282 states left on queue.
Progress(35) at 2026-09-25 17:24:13: 1,170,053,250 states generated (35,061,904 s/min), 99,870,338 distinct states found (2,947,084 ds/min), 4,202,906 states left on queue.
Progress(36) at 2026-09-25 17:25:13: 1,208,480,622 states generated (38,427,372 s/min), 103,097,669 distinct states found (3,227,331 ds/min), 4,199,834 states left on queue.
Checkpointing of run /home/gavin/dev/model-or-proof/specs/tla/token-ring/states/26-09-25-16-56-09
Checkpointing completed at (2026-09-25 17:26:13)
Progress(37) at 2026-09-25 17:26:13: 1,250,390,298 states generated (41,909,676 s/min), 106,589,980 distinct states found (3,492,311 ds/min), 4,199,313 states left on queue.
Progress(38) at 2026-09-25 17:27:13: 1,288,792,229 states generated (38,401,931 s/min), 109,763,190 distinct states found (3,173,210 ds/min), 4,202,254 states left on queue.
Progress(38) at 2026-09-25 17:28:13: 1,323,298,366 states generated (34,506,137 s/min), 112,629,384 distinct states found (2,866,194 ds/min), 4,197,187 states left on queue.
Progress(39) at 2026-09-25 17:29:13: 1,358,514,585 states generated (35,216,219 s/min), 115,593,974 distinct states found (2,964,590 ds/min), 4,197,317 states left on queue.
Progress(40) at 2026-09-25 17:30:13: 1,396,035,191 states generated (37,520,606 s/min), 118,719,330 distinct states found (3,125,356 ds/min), 4,194,944 states left on queue.
Progress(40) at 2026-09-25 17:31:13: 1,428,151,095 states generated (32,115,904 s/min), 121,337,662 distinct states found (2,618,332 ds/min), 4,196,842 states left on queue.
Progress(41) at 2026-09-25 17:32:13: 1,461,961,844 states generated (33,810,749 s/min), 124,217,670 distinct states found (2,880,008 ds/min), 4,196,229 states left on queue.
Progress(42) at 2026-09-25 17:33:13: 1,494,772,386 states generated (32,810,542 s/min), 126,935,948 distinct states found (2,718,278 ds/min), 4,197,138 states left on queue.
Progress(42) at 2026-09-25 17:34:13: 1,526,585,030 states generated (31,812,644 s/min), 129,555,119 distinct states found (2,619,171 ds/min), 4,195,866 states left on queue.
Progress(43) at 2026-09-25 17:35:13: 1,556,015,603 states generated (29,430,573 s/min), 132,041,516 distinct states found (2,486,397 ds/min), 4,195,290 states left on queue.
Progress(44) at 2026-09-25 17:36:13: 1,590,567,187 states generated (34,551,584 s/min), 134,905,595 distinct states found (2,864,079 ds/min), 4,195,079 states left on queue.
Progress(44) at 2026-09-25 17:37:13: 1,623,758,477 states generated (33,191,290 s/min), 137,674,405 distinct states found (2,768,810 ds/min), 4,195,096 states left on queue.
Progress(45) at 2026-09-25 17:38:13: 1,657,736,162 states generated (33,977,685 s/min), 140,505,474 distinct states found (2,831,069 ds/min), 4,194,514 states left on queue.
Progress(46) at 2026-09-25 17:39:13: 1,692,074,233 states generated (34,338,071 s/min), 143,367,739 distinct states found (2,862,265 ds/min), 4,195,144 states left on queue.
Progress(46) at 2026-09-25 17:40:13: 1,727,117,650 states generated (35,043,417 s/min), 146,266,977 distinct states found (2,899,238 ds/min), 4,194,600 states left on queue.
Progress(47) at 2026-09-25 17:41:13: 1,760,179,871 states generated (33,062,221 s/min), 149,061,576 distinct states found (2,794,599 ds/min), 4,194,542 states left on queue.
Progress(48) at 2026-09-25 17:42:13: 1,793,860,401 states generated (33,680,530 s/min), 151,854,591 distinct states found (2,793,015 ds/min), 4,195,079 states left on queue.
Progress(48) at 2026-09-25 17:43:13: 1,825,354,525 states generated (31,494,124 s/min), 154,472,648 distinct states found (2,618,057 ds/min), 4,194,456 states left on queue.
Progress(49) at 2026-09-25 17:44:13: 1,852,947,590 states generated (27,593,065 s/min), 156,798,510 distinct states found (2,325,862 ds/min), 4,194,975 states left on queue.
Progress(49) at 2026-09-25 17:45:13: 1,882,972,201 states generated (30,024,611 s/min), 159,220,560 distinct states found (2,422,050 ds/min), 4,194,516 states left on queue.
Progress(50) at 2026-09-25 17:46:13: 1,916,309,893 states generated (33,337,692 s/min), 162,080,538 distinct states found (2,859,978 ds/min), 4,194,639 states left on queue.
Progress(51) at 2026-09-25 17:47:13: 1,946,061,416 states generated (29,751,523 s/min), 164,538,362 distinct states found (2,457,824 ds/min), 4,194,347 states left on queue.
Progress(51) at 2026-09-25 17:48:13: 1,974,351,638 states generated (28,290,222 s/min), 166,895,963 distinct states found (2,357,601 ds/min), 4,194,516 states left on queue.
Progress(52) at 2026-09-25 17:49:13: 2,001,750,800 states generated (27,399,162 s/min), 169,200,637 distinct states found (2,304,674 ds/min), 4,194,328 states left on queue.
Progress(52) at 2026-09-25 17:50:13: 2,028,104,207 states generated (26,353,407 s/min), 171,359,960 distinct states found (2,159,323 ds/min), 4,194,376 states left on queue.
Progress(53) at 2026-09-25 17:51:13: 2,053,975,244 states generated (25,871,037 s/min), 173,547,498 distinct states found (2,187,538 ds/min), 4,194,394 states left on queue.
Progress(53) at 2026-09-25 17:52:13: 2,078,145,837 states generated (24,170,593 s/min), 175,532,343 distinct states found (1,984,845 ds/min), 4,194,449 states left on queue.
Progress(54) at 2026-09-25 17:53:13: 2,103,262,455 states generated (25,116,618 s/min), 177,659,621 distinct states found (2,127,278 ds/min), 4,194,361 states left on queue.
Progress(54) at 2026-09-25 17:54:13: 2,125,444,589 states generated (22,182,134 s/min), 179,486,636 distinct states found (1,827,015 ds/min), 4,194,410 states left on queue.
Progress(55) at 2026-09-25 17:55:13: 2,146,283,755 states generated (20,839,166 s/min), 181,223,188 distinct states found (1,736,552 ds/min), 4,194,355 states left on queue.
Checkpointing of run /home/gavin/dev/model-or-proof/specs/tla/token-ring/states/26-09-25-16-56-09
Checkpointing completed at (2026-09-25 17:56:14)
Progress(55) at 2026-09-25 17:56:14: 2,167,678,282 states generated (21,394,527 s/min), 183,026,668 distinct states found (1,803,480 ds/min), 4,194,378 states left on queue.
Progress(56) at 2026-09-25 17:57:14: 2,189,508,584 states generated (21,830,302 s/min), 184,773,336 distinct states found (1,746,668 ds/min), 4,194,375 states left on queue.
Progress(56) at 2026-09-25 17:58:14: 2,210,199,338 states generated (20,690,754 s/min), 186,557,348 distinct states found (1,784,012 ds/min), 4,194,409 states left on queue.
Progress(56) at 2026-09-25 17:59:14: 2,227,691,630 states generated (17,492,292 s/min), 188,002,039 distinct states found (1,444,691 ds/min), 4,194,331 states left on queue.
Progress(57) at 2026-09-25 18:00:14: 2,243,920,057 states generated (16,228,427 s/min), 189,343,973 distinct states found (1,341,934 ds/min), 4,194,424 states left on queue.
Progress(57) at 2026-09-25 18:01:14: 2,262,091,499 states generated (18,171,442 s/min), 190,873,945 distinct states found (1,529,972 ds/min), 4,194,450 states left on queue.
Progress(57) at 2026-09-25 18:02:14: 2,279,353,080 states generated (17,261,581 s/min), 192,300,028 distinct states found (1,426,083 ds/min), 4,194,330 states left on queue.
Progress(58) at 2026-09-25 18:03:14: 2,291,071,277 states generated (11,718,197 s/min), 193,247,762 distinct states found (947,734 ds/min), 4,194,321 states left on queue.
Progress(58) at 2026-09-25 18:04:14: 2,307,221,265 states generated (16,149,988 s/min), 194,656,537 distinct states found (1,408,775 ds/min), 4,194,333 states left on queue.
Progress(58) at 2026-09-25 18:05:14: 2,325,642,782 states generated (18,421,517 s/min), 196,170,159 distinct states found (1,513,622 ds/min), 4,194,409 states left on queue.
Progress(59) at 2026-09-25 18:06:14: 2,344,865,453 states generated (19,222,671 s/min), 197,758,659 distinct states found (1,588,500 ds/min), 4,194,379 states left on queue.
Progress(59) at 2026-09-25 18:07:14: 2,363,700,393 states generated (18,834,940 s/min), 199,351,166 distinct states found (1,592,507 ds/min), 4,194,315 states left on queue.
Progress(59) at 2026-09-25 18:08:14: 2,383,629,247 states generated (19,928,854 s/min), 200,966,483 distinct states found (1,615,317 ds/min), 4,194,352 states left on queue.
Progress(60) at 2026-09-25 18:09:14: 2,403,622,481 states generated (19,993,234 s/min), 202,688,795 distinct states found (1,722,312 ds/min), 4,194,326 states left on queue.
Progress(60) at 2026-09-25 18:10:14: 2,424,428,364 states generated (20,805,883 s/min), 204,406,163 distinct states found (1,717,368 ds/min), 4,194,316 states left on queue.
Progress(61) at 2026-09-25 18:11:14: 2,450,561,304 states generated (26,132,940 s/min), 206,574,433 distinct states found (2,168,270 ds/min), 4,194,349 states left on queue.
Progress(61) at 2026-09-25 18:12:14: 2,476,736,158 states generated (26,174,854 s/min), 208,761,197 distinct states found (2,186,764 ds/min), 4,194,339 states left on queue.
Progress(62) at 2026-09-25 18:13:14: 2,505,687,199 states generated (28,951,041 s/min), 211,195,700 distinct states found (2,434,503 ds/min), 4,194,324 states left on queue.
Progress(62) at 2026-09-25 18:14:14: 2,534,701,635 states generated (29,014,436 s/min), 213,555,673 distinct states found (2,359,973 ds/min), 4,194,316 states left on queue.
Progress(63) at 2026-09-25 18:15:14: 2,563,330,034 states generated (28,628,399 s/min), 215,976,829 distinct states found (2,421,156 ds/min), 4,194,316 states left on queue.
Progress(63) at 2026-09-25 18:16:14: 2,586,376,633 states generated (23,046,599 s/min), 217,847,421 distinct states found (1,870,592 ds/min), 4,194,309 states left on queue.
Progress(64) at 2026-09-25 18:17:14: 2,613,870,481 states generated (27,493,848 s/min), 220,185,840 distinct states found (2,338,419 ds/min), 4,194,316 states left on queue.
Progress(65) at 2026-09-25 18:18:14: 2,643,472,169 states generated (29,601,688 s/min), 222,615,466 distinct states found (2,429,626 ds/min), 4,194,319 states left on queue.
Progress(65) at 2026-09-25 18:19:14: 2,672,155,643 states generated (28,683,474 s/min), 225,067,768 distinct states found (2,452,302 ds/min), 4,194,322 states left on queue.
Progress(66) at 2026-09-25 18:20:14: 2,699,797,502 states generated (27,641,859 s/min), 227,348,599 distinct states found (2,280,831 ds/min), 4,194,312 states left on queue.
Progress(66) at 2026-09-25 18:21:14: 2,729,111,901 states generated (29,314,399 s/min), 229,792,572 distinct states found (2,443,973 ds/min), 4,194,315 states left on queue.
Progress(67) at 2026-09-25 18:22:14: 2,759,453,388 states generated (30,341,487 s/min), 232,342,617 distinct states found (2,550,045 ds/min), 4,194,315 states left on queue.
Progress(67) at 2026-09-25 18:23:14: 2,789,477,413 states generated (30,024,025 s/min), 234,755,655 distinct states found (2,413,038 ds/min), 4,194,310 states left on queue.
Progress(68) at 2026-09-25 18:24:14: 2,817,798,909 states generated (28,321,496 s/min), 237,199,451 distinct states found (2,443,796 ds/min), 4,194,313 states left on queue.
Progress(69) at 2026-09-25 18:25:14: 2,844,050,699 states generated (26,251,790 s/min), 239,319,935 distinct states found (2,120,484 ds/min), 4,194,307 states left on queue.
Checkpointing of run /home/gavin/dev/model-or-proof/specs/tla/token-ring/states/26-09-25-16-56-09
Checkpointing completed at (2026-09-25 18:26:15)
Progress(69) at 2026-09-25 18:26:15: 2,864,098,507 states generated (20,047,808 s/min), 241,051,008 distinct states found (1,731,073 ds/min), 4,194,307 states left on queue.
Progress(69) at 2026-09-25 18:27:15: 2,884,509,761 states generated (20,411,254 s/min), 242,719,408 distinct states found (1,668,400 ds/min), 4,194,304 states left on queue.
Progress(70) at 2026-09-25 18:28:15: 2,903,806,255 states generated (19,296,494 s/min), 244,349,984 distinct states found (1,630,576 ds/min), 4,194,303 states left on queue.
Progress(70) at 2026-09-25 18:29:15: 2,922,747,724 states generated (18,941,469 s/min), 245,949,349 distinct states found (1,599,365 ds/min), 4,194,307 states left on queue.
Progress(71) at 2026-09-25 18:30:15: 2,942,466,210 states generated (19,718,486 s/min), 247,484,238 distinct states found (1,534,889 ds/min), 4,194,307 states left on queue.
Progress(71) at 2026-09-25 18:31:15: 2,961,889,675 states generated (19,423,465 s/min), 249,212,511 distinct states found (1,728,273 ds/min), 4,194,302 states left on queue.
Progress(71) at 2026-09-25 18:32:15: 2,986,008,560 states generated (24,118,885 s/min), 251,173,315 distinct states found (1,960,804 ds/min), 4,194,302 states left on queue.
Progress(72) at 2026-09-25 18:33:15: 3,010,084,569 states generated (24,076,009 s/min), 253,223,207 distinct states found (2,049,892 ds/min), 4,194,280 states left on queue.
Progress(72) at 2026-09-25 18:34:21: 3,038,666,597 states generated (28,582,028 s/min), 255,546,807 distinct states found (2,323,600 ds/min), 4,194,218 states left on queue.
Progress(73) at 2026-09-25 18:35:21: 3,071,506,617 states generated (32,840,020 s/min), 258,345,696 distinct states found (2,798,889 ds/min), 4,193,840 states left on queue.
Progress(74) at 2026-09-25 18:36:21: 3,103,434,900 states generated (31,928,283 s/min), 260,984,515 distinct states found (2,638,819 ds/min), 4,192,456 states left on queue.
Progress(74) at 2026-09-25 18:37:21: 3,135,820,452 states generated (32,385,552 s/min), 263,661,470 distinct states found (2,676,955 ds/min), 4,189,626 states left on queue.
Progress(75) at 2026-09-25 18:38:21: 3,170,299,974 states generated (34,479,522 s/min), 266,561,761 distinct states found (2,900,291 ds/min), 4,179,161 states left on queue.
Progress(76) at 2026-09-25 18:39:21: 3,198,384,151 states generated (28,084,177 s/min), 268,841,057 distinct states found (2,279,296 ds/min), 4,158,529 states left on queue.
Progress(76) at 2026-09-25 18:40:21: 3,232,157,429 states generated (33,773,278 s/min), 271,655,082 distinct states found (2,814,025 ds/min), 4,122,221 states left on queue.
Progress(77) at 2026-09-25 18:41:21: 3,266,154,509 states generated (33,997,080 s/min), 274,431,130 distinct states found (2,776,048 ds/min), 4,039,480 states left on queue.
Progress(78) at 2026-09-25 18:42:21: 3,297,486,559 states generated (31,332,050 s/min), 276,918,661 distinct states found (2,487,531 ds/min), 3,902,058 states left on queue.
Progress(78) at 2026-09-25 18:43:21: 3,326,910,978 states generated (29,424,419 s/min), 279,260,023 distinct states found (2,341,362 ds/min), 3,718,083 states left on queue.
Progress(79) at 2026-09-25 18:44:21: 3,351,932,810 states generated (25,021,832 s/min), 281,215,937 distinct states found (1,955,914 ds/min), 3,489,763 states left on queue.
Progress(79) at 2026-09-25 18:45:21: 3,376,689,785 states generated (24,756,975 s/min), 282,987,561 distinct states found (1,771,624 ds/min), 3,142,516 states left on queue.
Progress(80) at 2026-09-25 18:46:21: 3,401,567,984 states generated (24,878,199 s/min), 284,862,881 distinct states found (1,875,320 ds/min), 2,723,944 states left on queue.
Progress(81) at 2026-09-25 18:47:21: 3,434,778,493 states generated (33,210,509 s/min), 287,113,125 distinct states found (2,250,244 ds/min), 1,865,670 states left on queue.
Progress(84) at 2026-09-25 18:48:21: 3,469,142,698 states generated (34,364,205 s/min), 289,222,746 distinct states found (2,109,621 ds/min), 332,319 states left on queue.
Model checking completed. No error has been found.
  Estimates of the probability that TLC did not check all reachable states
  because two distinct states had the same fingerprint:
  calculated (optimistic):  val = .050
  based on the actual fingerprints:  val = 1.7E-8
3472883713 states generated, 289406976 distinct states found, 0 states left on queue.
The depth of the complete state graph search is 91.
The average outdegree of the complete state graph is 1 (minimum is 0, the maximum 23 and the 95th percentile is 4).
Finished in 01h 52min at (2026-09-25 18:48:37)
