tlc-workers1-cleanup-config/home/gavin/dev/model-or-proof/specs/tla/token-ring/TokenRingN17.cfg/home/gavin/dev/model-or-proof/specs/tla/token-ring/TokenRing.tla

TLC2 Version 2.19 of 08 August 2024 (rev: 5a47802)
Running breadth-first search Model-Checking with fp 79 and seed -7493184405420004714 with 1 worker on 20 cores with 14247MB heap and 64MB offheap memory (Linux 6.8.0-85-generic amd64, Oracle Corporation 1.8.0_504 x86_64, MSBDiskFPSet, DiskStateQueue).
Parsing file /home/gavin/dev/model-or-proof/specs/tla/token-ring/TokenRing.tla
Parsing file /tmp/Naturals.tla
Parsing file /tmp/FiniteSets.tla
Parsing file /tmp/TLC.tla
Parsing file /tmp/Sequences.tla
Semantic processing of module Naturals
Semantic processing of module Sequences
Semantic processing of module FiniteSets
Semantic processing of module TLC
Semantic processing of module TokenRing
Starting... (2026-09-26 16:21:54)
Computing initial states...
Finished computing initial states: 1 distinct state generated at 2026-09-26 16:21:54.
Progress(13) at 2026-09-26 16:21:57: 2,520,150 states generated (2,520,150 s/min), 320,316 distinct states found (320,316 ds/min), 72,454 states left on queue.
Model checking completed. No error has been found.
  Estimates of the probability that TLC did not check all reachable states
  because two distinct states had the same fingerprint:
  calculated (optimistic):  val = 4.8E-6
  based on the actual fingerprints:  val = 5.3E-11
30081025 states generated, 3342336 distinct states found, 0 states left on queue.
The depth of the complete state graph search is 67.
The average outdegree of the complete state graph is 1 (minimum is 0, the maximum 17 and the 95th percentile is 4).
Finished in 32s at (2026-09-26 16:22:27)
